******************************************************************************
                  TI ARM Linker PC v16.9.6                     
******************************************************************************
>> Linked Sat Apr 28 20:16:48 2018

OUTPUT FILE NAME:   <Motor-PWM.out>
ENTRY POINT SYMBOL: "_c_int00"  address: 00000591


MEMORY CONFIGURATION

         name            origin    length      used     unused   attr    fill
----------------------  --------  ---------  --------  --------  ----  --------
  FLASH                 00000000   00040000  000006f4  0003f90c  R  X
  SRAM                  20000000   00008000  00000218  00007de8  RW X


SEGMENT ALLOCATION MAP

run origin  load origin   length   init length attrs members
----------  ----------- ---------- ----------- ----- -------
00000000    00000000    000006f4   000006f4    r-x
  00000000    00000000    0000026c   0000026c    r-- .intvecs
  0000026c    0000026c    00000464   00000464    r-x .text
  000006d0    000006d0    00000024   00000024    r-- .cinit
20000000    20000000    00000218   00000000    rw-
  20000000    20000000    00000200   00000000    rw- .stack
  20000200    20000200    00000018   00000000    rw- .data


SECTION ALLOCATION MAP

 output                                  attributes/
section   page    origin      length       input sections
--------  ----  ----------  ----------   ----------------
.intvecs   0    00000000    0000026c     
                  00000000    0000026c     tm4c123gh6pm_startup_ccs.obj (.intvecs)

.text      0    0000026c    00000464     
                  0000026c    0000013c     GPIOConfig.obj (.text)
                  000003a8    0000009c     rtsv7M4_T_le_v4SPD16_eabi.lib : memcpy_t2.obj (.text)
                  00000444    00000072     main.obj (.text)
                  000004b6    00000002     rtsv7M4_T_le_v4SPD16_eabi.lib : mpu_init.obj (.text)
                  000004b8    00000070                                   : autoinit.obj (.text)
                  00000528    00000068                                   : copy_decompress_lzss.obj (.text:decompress:lzss)
                  00000590    00000054                                   : boot.obj (.text)
                  000005e4    00000054                                   : exit.obj (.text)
                  00000638    0000004c                                   : cpy_tbl.obj (.text)
                  00000684    00000018                                   : args_main.obj (.text)
                  0000069c    00000014                                   : _lock.obj (.text)
                  000006b0    0000000e                                   : copy_decompress_none.obj (.text:decompress:none)
                  000006be    0000000c     tm4c123gh6pm_startup_ccs.obj (.text)
                  000006ca    00000004     rtsv7M4_T_le_v4SPD16_eabi.lib : pre_init.obj (.text)
                  000006ce    00000002                                   : startup.obj (.text)

.cinit     0    000006d0    00000024     
                  000006d0    00000011     (.cinit..data.load) [load image, compression = lzss]
                  000006e1    00000003     --HOLE-- [fill = 0]
                  000006e4    00000008     (__TI_handler_table)
                  000006ec    00000008     (__TI_cinit_table)

.init_array 
*          0    00000000    00000000     UNINITIALIZED

.stack     0    20000000    00000200     UNINITIALIZED
                  20000000    00000200     --HOLE--

.data      0    20000200    00000018     UNINITIALIZED
                  20000200    0000000c     rtsv7M4_T_le_v4SPD16_eabi.lib : exit.obj (.data:$O1$$)
                  2000020c    00000008                                   : _lock.obj (.data:$O1$$)
                  20000214    00000004                                   : stkdepth_vars.obj (.data)

MODULE SUMMARY

       Module                         code   ro data   rw data
       ------                         ----   -------   -------
    .\
       tm4c123gh6pm_startup_ccs.obj   12     620       0      
       GPIOConfig.obj                 316    0         0      
       main.obj                       114    0         0      
    +--+------------------------------+------+---------+---------+
       Total:                         442    620       0      
                                                              
    C:\ti\ccsv7\tools\compiler\ti-cgt-arm_16.9.6.LTS\lib\rtsv7M4_T_le_v4SPD16_eabi.lib
       memcpy_t2.obj                  156    0         0      
       autoinit.obj                   112    0         0      
       copy_decompress_lzss.obj       104    0         0      
       exit.obj                       84     0         12     
       boot.obj                       84     0         0      
       cpy_tbl.obj                    76     0         0      
       _lock.obj                      20     0         8      
       args_main.obj                  24     0         0      
       copy_decompress_none.obj       14     0         0      
       pre_init.obj                   4      0         0      
       stkdepth_vars.obj              0      0         4      
       mpu_init.obj                   2      0         0      
       startup.obj                    2      0         0      
    +--+------------------------------+------+---------+---------+
       Total:                         682    0         24     
                                                              
       Stack:                         0      0         512    
       Linker Generated:              0      33        0      
    +--+------------------------------+------+---------+---------+
       Grand Total:                   1124   653       536    


LINKER GENERATED COPY TABLES

__TI_cinit_table @ 000006ec records: 1, size/record: 8, table size: 8
	.data: load addr=000006d0, load size=00000011 bytes, run addr=20000200, run size=00000018 bytes, compression=lzss


LINKER GENERATED HANDLER TABLE

__TI_handler_table @ 000006e4 records: 2, size/record: 4, table size: 8
	index: 0, handler: __TI_decompress_lzss
	index: 1, handler: __TI_decompress_none


GLOBAL SYMBOLS: SORTED ALPHABETICALLY BY Name 

address   name                           
-------   ----                           
000005e5  C$$EXIT                        
0000031b  GPIOConfig                     
000002bd  LerPino                        
00000373  LerPino_Dir                    
0000026d  LigarPort                      
000006bf  ResetISR                       
UNDEFED   SHT$$INIT_ARRAY$$Base          
UNDEFED   SHT$$INIT_ARRAY$$Limit         
00000355  SetDen                         
000002e3  SetPino                        
20000200  __STACK_END                    
00000200  __STACK_SIZE                   
20000200  __STACK_TOP                    
000006ec  __TI_CINIT_Base                
000006f4  __TI_CINIT_Limit               
000006e4  __TI_Handler_Table_Base        
000006ec  __TI_Handler_Table_Limit       
000004b9  __TI_auto_init                 
20000200  __TI_cleanup_ptr               
00000529  __TI_decompress_lzss           
000006b1  __TI_decompress_none           
20000204  __TI_dtors_ptr                 
20000208  __TI_enable_exit_profile_output
ffffffff  __TI_pprof_out_hndl            
ffffffff  __TI_prof_data_size            
ffffffff  __TI_prof_data_start           
00000000  __TI_static_base__             
000003a9  __aeabi_memcpy                 
000003a9  __aeabi_memcpy4                
000003a9  __aeabi_memcpy8                
ffffffff  __binit__                      
ffffffff  __c_args__                     
000004b7  __mpu_init                     
20000000  __stack                        
00000685  _args_main                     
00000591  _c_int00                       
2000020c  _lock                          
000006ab  _nop                           
000006a3  _register_lock                 
0000069d  _register_unlock               
000006cf  _system_post_cinit             
000006cb  _system_pre_init               
20000210  _unlock                        
000005e9  abort                          
ffffffff  binit                          
00000639  copy_in                        
000005f1  exit                           
00000000  g_pfnVectors                   
00000445  main                           
20000214  main_func_sp                   
000003a9  memcpy                         
00000281  nPino                          


GLOBAL SYMBOLS: SORTED BY Symbol Address 

address   name                           
-------   ----                           
00000000  __TI_static_base__             
00000000  g_pfnVectors                   
00000200  __STACK_SIZE                   
0000026d  LigarPort                      
00000281  nPino                          
000002bd  LerPino                        
000002e3  SetPino                        
0000031b  GPIOConfig                     
00000355  SetDen                         
00000373  LerPino_Dir                    
000003a9  __aeabi_memcpy                 
000003a9  __aeabi_memcpy4                
000003a9  __aeabi_memcpy8                
000003a9  memcpy                         
00000445  main                           
000004b7  __mpu_init                     
000004b9  __TI_auto_init                 
00000529  __TI_decompress_lzss           
00000591  _c_int00                       
000005e5  C$$EXIT                        
000005e9  abort                          
000005f1  exit                           
00000639  copy_in                        
00000685  _args_main                     
0000069d  _register_unlock               
000006a3  _register_lock                 
000006ab  _nop                           
000006b1  __TI_decompress_none           
000006bf  ResetISR                       
000006cb  _system_pre_init               
000006cf  _system_post_cinit             
000006e4  __TI_Handler_Table_Base        
000006ec  __TI_CINIT_Base                
000006ec  __TI_Handler_Table_Limit       
000006f4  __TI_CINIT_Limit               
20000000  __stack                        
20000200  __STACK_END                    
20000200  __STACK_TOP                    
20000200  __TI_cleanup_ptr               
20000204  __TI_dtors_ptr                 
20000208  __TI_enable_exit_profile_output
2000020c  _lock                          
20000210  _unlock                        
20000214  main_func_sp                   
ffffffff  __TI_pprof_out_hndl            
ffffffff  __TI_prof_data_size            
ffffffff  __TI_prof_data_start           
ffffffff  __binit__                      
ffffffff  __c_args__                     
ffffffff  binit                          
UNDEFED   SHT$$INIT_ARRAY$$Base          
UNDEFED   SHT$$INIT_ARRAY$$Limit         

[52 symbols]
